error: unexpected literal in nested attribute, expected ident
 --> tests/ui/unexpected-literal/container.rs:4:9
  |
4 | #[serde("literal")]
  |         ^^^^^^^^^
