error: expected serde rename attribute to be a string: `rename = "..."`
 --> tests/ui/expected-string/character.rs:5:22
  |
5 |     #[serde(rename = 'a')]
  |                      ^^^
