error: #[serde(flatten)] cannot be used on tuple structs
 --> tests/ui/conflict/flatten-tuple-struct.rs:5:17
  |
5 | struct Foo(u32, #[serde(flatten)] HashMap<String, String>);
  |                 ^^^^^^^^^^^^^^^^^^^^^^^^^^^^^^^^^^^^^^^^^
