error: expected serde rename attribute to be a string: `rename = "..."`
 --> tests/ui/expected-string/float.rs:5:22
  |
5 |     #[serde(rename = 3.14)]
  |                      ^^^^
