error: duplicate serde attribute `rename`
 --> tests/ui/duplicate-attribute/two-rename-ser.rs:6:13
  |
6 |     #[serde(rename(serialize = "y"))]
  |             ^^^^^^
