error: #[serde(flatten)] cannot be used on newtype structs
 --> tests/ui/conflict/flatten-newtype-struct.rs:5:12
  |
5 | struct Foo(#[serde(flatten)] HashMap<String, String>);
  |            ^^^^^^^^^^^^^^^^^^^^^^^^^^^^^^^^^^^^^^^^^
