error: #[serde(other)] cannot appear on untagged enum
 --> tests/ui/identifier/other_untagged.rs:6:5
  |
6 | /     #[serde(other)]
7 | |     Other,
  | |_________^
